// Jest Snapshot v1, https://goo.gl/fbAQLP

exports[`Testing Contact component Testing availability of classes, tags and icons renders correctly 1`] = `ShallowWrapper {}`;
