// Jest Snapshot v1, https://goo.gl/fbAQLP

exports[`Testing Contacts component Testing the component is rendered correctly renders correctly 1`] = `ShallowWrapper {}`;
