// Jest Snapshot v1, https://goo.gl/fbAQLP

exports[`Testing EditContact component renders correctly 1`] = `ShallowWrapper {}`;
